../Core/Src/lcd1602_i2c_lib.c:11:13:lcd1602_Send_init_Data	24	static
../Core/Src/lcd1602_i2c_lib.c:27:13:lcd1602_Write_byte	24	static
../Core/Src/lcd1602_i2c_lib.c:31:13:lcd1602_Send_cmd	16	static
../Core/Src/lcd1602_i2c_lib.c:41:13:lcd1602_Send_data_symbol	24	static
../Core/Src/lcd1602_i2c_lib.c:55:13:lcd1602_Send_data	24	static
../Core/Src/lcd1602_i2c_lib.c:68:6:lcd1602_Init	16	static
../Core/Src/lcd1602_i2c_lib.c:130:6:lcd1602_Print_symbol	24	static
../Core/Src/lcd1602_i2c_lib.c:141:6:lcd1602_Print_text	24	static
../Core/Src/lcd1602_i2c_lib.c:153:6:lcd1602_SetCursor	24	static
../Core/Src/lcd1602_i2c_lib.c:181:6:lcd1602_Move_to_the_left	16	static
../Core/Src/lcd1602_i2c_lib.c:192:6:lcd1602_Move_to_the_right	16	static
../Core/Src/lcd1602_i2c_lib.c:204:6:lcd1602_Backlight	16	static
../Core/Src/lcd1602_i2c_lib.c:215:6:lcd1602_Create_symbol	24	static
../Core/Src/lcd1602_i2c_lib.c:222:6:lcd1602_Clean	16	static
../Core/Src/lcd1602_i2c_lib.c:232:6:lcd1602_Clean_Text	8	static
