../Core/Src/main.c:103:5:main	8	static
../Core/Src/main.c:167:6:SystemClock_Config	88	static
../Core/Src/main.c:214:13:MX_ADC1_Init	24	static
../Core/Src/main.c:299:13:MX_I2C1_Init	8	static
../Core/Src/main.c:333:13:MX_TIM3_Init	32	static
../Core/Src/main.c:378:13:MX_USART2_UART_Init	8	static
../Core/Src/main.c:409:13:MX_DMA_Init	16	static
../Core/Src/main.c:427:13:MX_GPIO_Init	40	static
../Core/Src/main.c:460:6:print_adc	16	static
../Core/Src/main.c:511:7:adc_to_volt	24	static
../Core/Src/main.c:516:7:conversation_adc_to_val	32	static
../Core/Src/main.c:520:6:HAL_GPIO_EXTI_Callback	16	static
../Core/Src/main.c:529:6:select_lcd_mode	4	static
../Core/Src/main.c:549:7:vRef_volt_adc	8	static
../Core/Src/main.c:558:6:Error_Handler	4	static,ignoring_inline_asm
