../Core/Src/main.c:109:5:main	8	static
../Core/Src/main.c:177:6:SystemClock_Config	88	static
../Core/Src/main.c:224:13:MX_ADC1_Init	24	static
../Core/Src/main.c:309:13:MX_I2C1_Init	8	static
../Core/Src/main.c:343:13:MX_TIM2_Init	48	static
../Core/Src/main.c:392:13:MX_TIM3_Init	32	static
../Core/Src/main.c:437:13:MX_USART2_UART_Init	8	static
../Core/Src/main.c:468:13:MX_DMA_Init	16	static
../Core/Src/main.c:486:13:MX_GPIO_Init	40	static
../Core/Src/main.c:519:6:print_adc	16	static
../Core/Src/main.c:570:7:adc_to_volt	24	static
../Core/Src/main.c:575:7:conversation_adc_to_val	32	static
../Core/Src/main.c:579:6:HAL_GPIO_EXTI_Callback	16	static
../Core/Src/main.c:588:6:select_lcd_mode	4	static
../Core/Src/main.c:608:7:vRef_volt_adc	8	static
../Core/Src/main.c:612:6:led_work	8	static
../Core/Src/main.c:637:6:Error_Handler	4	static,ignoring_inline_asm
