../Core/Src/stm32f1xx_it.c:81:6:NMI_Handler	4	static
../Core/Src/stm32f1xx_it.c:96:6:HardFault_Handler	4	static
../Core/Src/stm32f1xx_it.c:111:6:MemManage_Handler	4	static
../Core/Src/stm32f1xx_it.c:126:6:BusFault_Handler	4	static
../Core/Src/stm32f1xx_it.c:141:6:UsageFault_Handler	4	static
../Core/Src/stm32f1xx_it.c:156:6:SVC_Handler	4	static
../Core/Src/stm32f1xx_it.c:169:6:DebugMon_Handler	4	static
../Core/Src/stm32f1xx_it.c:182:6:PendSV_Handler	4	static
../Core/Src/stm32f1xx_it.c:195:6:SysTick_Handler	8	static
../Core/Src/stm32f1xx_it.c:216:6:DMA1_Channel1_IRQHandler	8	static
../Core/Src/stm32f1xx_it.c:239:6:TIM3_IRQHandler	8	static
../Core/Src/stm32f1xx_it.c:253:6:EXTI15_10_IRQHandler	8	static
